E:\Обучение Java\maven-programs\hippodrome\src\main\java\ru\frolov\hippodrome\enums\HorseName.java
E:\Обучение Java\maven-programs\hippodrome\src\main\java\ru\frolov\hippodrome\models\Hippodrome.java
E:\Обучение Java\maven-programs\hippodrome\src\main\java\ru\frolov\hippodrome\service\impl\RaceCacheImpl.java
E:\Обучение Java\maven-programs\hippodrome\src\main\java\ru\frolov\hippodrome\exceptions\IllegalOperationException.java
E:\Обучение Java\maven-programs\hippodrome\src\main\java\ru\frolov\hippodrome\models\HorseRacing.java
E:\Обучение Java\maven-programs\hippodrome\src\main\java\ru\frolov\hippodrome\enums\Coverage.java
E:\Обучение Java\maven-programs\hippodrome\src\main\java\ru\frolov\hippodrome\enums\Season.java
E:\Обучение Java\maven-programs\hippodrome\src\main\java\ru\frolov\hippodrome\enums\utils\EnumUtils.java
E:\Обучение Java\maven-programs\hippodrome\src\main\java\ru\frolov\hippodrome\enums\HorseBreed.java
E:\Обучение Java\maven-programs\hippodrome\src\main\java\ru\frolov\hippodrome\service\RaceCache.java
E:\Обучение Java\maven-programs\hippodrome\src\main\java\ru\frolov\hippodrome\enums\Title.java
E:\Обучение Java\maven-programs\hippodrome\src\main\java\ru\frolov\hippodrome\enums\Weather.java
E:\Обучение Java\maven-programs\hippodrome\src\main\java\ru\frolov\hippodrome\enums\Event.java
E:\Обучение Java\maven-programs\hippodrome\src\main\java\ru\frolov\hippodrome\models\Horse.java
E:\Обучение Java\maven-programs\hippodrome\src\main\java\ru\frolov\hippodrome\enums\Color.java
E:\Обучение Java\maven-programs\hippodrome\src\main\java\ru\frolov\hippodrome\enums\AgePeriod.java
E:\Обучение Java\maven-programs\hippodrome\src\main\java\ru\frolov\hippodrome\enums\Gender.java
